// Jest Snapshot v1, https://goo.gl/fbAQLP

exports[`App should render correctly 1`] = `
<button
  className="btn mr-2 mt-6"
  type="button"
>
  Click here to start
</button>
`;
